// Jest Snapshot v1, https://goo.gl/fbAQLP

exports[`CopyIssueDetailsButtonTest render 1`] = `
<DocumentFragment>
  <div
    aria-live="polite"
    class="toastContainer"
  />
  <button
    class="fui-Button r1alrhcs copy-issue-details-button"
    type="button"
  >
    <span
      class="fui-Button__icon rywnvv2 ___963sj20_1qpm2bl f1nizpg2"
    >
      <mock-copyicon />
    </span>
    <div
      class="ms-Button-label"
    >
      Copy failure details
    </div>
  </button>
</DocumentFragment>
`;
