// Jest Snapshot v1, https://goo.gl/fbAQLP

exports[`CommandBarButtonsMenu renders CommandBarButtonsMenu 1`] = `
<DocumentFragment>
  <mock-styledtooltiphostbase
    classname="commandBarButtonsMenu"
    content="More actions"
  >
    <button
      aria-expanded="false"
      aria-haspopup="menu"
      class="fui-Button r1alrhcs fui-MenuButton commandBarButtonsMenuButton ___1j82qye_10z14xp f18ktai2 fwbmr0d f44c6la"
      data-tabster="{"restorer":{"type":1}}"
      id="menu1"
      role="button"
      tabindex="0"
      type="button"
    >
      <span
        class="fui-Button__icon rywnvv2 fui-MenuButton__icon"
      >
        <svg
          aria-hidden="true"
          class="___12fm75w_v8ls9a0 f1w7gpdv fez10in fg4l7m0"
          fill="currentColor"
          height="1em"
          viewBox="0 0 20 20"
          width="1em"
          xmlns="http://www.w3.org/2000/svg"
        >
          <path
            d="M6.25 10a1.25 1.25 0 1 1-2.5 0 1.25 1.25 0 0 1 2.5 0Zm5 0a1.25 1.25 0 1 1-2.5 0 1.25 1.25 0 0 1 2.5 0ZM15 11.25a1.25 1.25 0 1 0 0-2.5 1.25 1.25 0 0 0 0 2.5Z"
            fill="currentColor"
          />
        </svg>
      </span>
    </button>
  </mock-styledtooltiphostbase>
</DocumentFragment>
`;
