// Jest Snapshot v1, https://goo.gl/fbAQLP

exports[`FailureInstancePanelDetailsTest renders 1`] = `
<DocumentFragment>
  <div>
    <mock-styledtextfieldbase
      label="CSS Selector"
      multiline="true"
      placeholder="CSS Selector"
      resizable="false"
      rows="4"
      value="Given Path"
    />
    <div
      class="failureInstanceSelectorNote"
    >
      Note: If the CSS selector maps to multiple snippets, the first will be selected
    </div>
    <div>
      <div
        class="buttonsComponent"
      >
        <div
          class="buttonCol"
        >
          <mock-button
            disabled="false"
          >
            Validate CSS selector
          </mock-button>
        </div>
      </div>
    </div>
    <div
      aria-atomic="true"
      aria-live="polite"
    >
      <div
        class="failureInstanceSnippetTitle"
      >
        Code Snippet
      </div>
      <div
        class="failureInstanceSnippetFilledBody"
      >
        Snippet for Given Path
      </div>
    </div>
  </div>
</DocumentFragment>
`;
