// Jest Snapshot v1, https://goo.gl/fbAQLP

exports[`GenericDialogTest should render 1`] = `
<DocumentFragment>
  <mock-dialog
    dialogcontentprops="[object Object]"
    hidden="false"
    modalprops="[object Object]"
  >
    <div
      class="dialogBody"
    >
      test message
    </div>
    <mock-styleddialogfooterbase>
      <div
        class="buttonsComponent"
      >
        <div
          class="buttonCol"
        >
          <mock-button
            appearance="primary"
            classname="primaryButtonEnabled"
          >
             test primary text 
          </mock-button>
        </div>
        <div
          class="buttonCol"
        >
          <mock-button
            classname="defaultButton"
          >
             Cancel 
          </mock-button>
        </div>
      </div>
    </mock-styleddialogfooterbase>
  </mock-dialog>
</DocumentFragment>
`;
