// Jest Snapshot v1, https://goo.gl/fbAQLP

exports[`InlineStartOverButton renders 1`] = `
<DocumentFragment>
  <mock-insightscommandbutton
    classname="inlineStartOverButton"
    data-automation-id="inline-start-over-button"
    iconname="ArrowClockwiseRegular"
    text="Start over"
  />
</DocumentFragment>
`;

exports[`InlineStartOverButton renders: InsightsCommandButton props 1`] = `
{
  "className": "inlineStartOverButton",
  "data-automation-id": "inline-start-over-button",
  "iconName": "ArrowClockwiseRegular",
  "onClick": [Function],
  "text": "Start over",
}
`;
