// Jest Snapshot v1, https://goo.gl/fbAQLP

exports[`LoadAssessmentButton should render per the snapshot 1`] = `
<DocumentFragment>
  <mock-insightscommandbutton
    classname="___q8bhkh0_0000000 f1t6ax4o fmntwad f1g8o529 f9hdeju f139oj5f f7otkfg"
    data-automation-id="load-assessment-button"
    insightscommandbuttoniconprops="[object Object]"
  >
    Load assessment
  </mock-insightscommandbutton>
</DocumentFragment>
`;

exports[`LoadAssessmentButton should render per the snapshot: InsightsCommandButton props 1`] = `
{
  "children": "Load assessment",
  "className": "___q8bhkh0_0000000 f1t6ax4o fmntwad f1g8o529 f9hdeju f139oj5f f7otkfg",
  "data-automation-id": "load-assessment-button",
  "insightsCommandButtonIconProps": {
    "icon": <FluentUIV9Icon
      iconName="FolderOpenRegular"
    />,
  },
  "onClick": [Function],
}
`;
