// Jest Snapshot v1, https://goo.gl/fbAQLP

exports[`ReportExportButton renders ReportExportButton 1`] = `
<DocumentFragment>
  <mock-insightscommandbutton
    classname="___1qm3wig_0000000 f9hdeju"
    data-automation-id="report-export-button"
    insightscommandbuttoniconprops="[object Object]"
  >
    Export Result
  </mock-insightscommandbutton>
</DocumentFragment>
`;

exports[`ReportExportButton renders ReportExportButton: InsightsCommandButton props 1`] = `
{
  "children": "Export Result",
  "className": "___1qm3wig_0000000 f9hdeju",
  "data-automation-id": "report-export-button",
  "insightsCommandButtonIconProps": {
    "icon": <ArrowExportRegular />,
  },
  "onClick": [MockFunction],
}
`;
