// Jest Snapshot v1, https://goo.gl/fbAQLP

exports[`SaveAssessmentButton on dialog enabled render snapshot of dialog 1`] = `
<DocumentFragment>
  <a
    class="fui-Button r1alrhcs ___mzzoir0_1cag6qt f1c21dwh f1p3nwhy f11589ue f1q5o8ev f1pdflbu fkfq4zb fjxutwb f1s2uweq fr80ssc f1ukrpxl fecsdlb f139oj5f ft1hn21 fuxngvv fwiml72 f1h0usnq fs4ktlq f16h9ulv fx2bmrt f1fg1p5m f1dfjoow f1j98vj9 f1tme0vf f4xjyn1 f18onu3q f9ddjv3 f1fabniw fj0ryk1"
    download="download"
    href="url"
    role="button"
    tabindex="0"
    type="button"
  >
    <span
      class="fui-Button__icon rywnvv2 ___963sj20_1qpm2bl f1nizpg2"
    />
    Save assessment
  </a>
</DocumentFragment>
`;
