// Jest Snapshot v1, https://goo.gl/fbAQLP

exports[`TransferToAssessmentButton getTransferToAssessmentButton 1`] = `
<TransferToAssessmentButton
  deps={
    {
      "dataTransferViewController": [typemoq mock object],
    }
  }
/>
`;

exports[`TransferToAssessmentButton render 1`] = `
<DocumentFragment>
  <mock-insightscommandbutton
    classname="___1qm3wig_0000000 f9hdeju"
    data-automation-id="transfer-to-assessment-button"
    insightscommandbuttoniconprops="[object Object]"
  >
    Move to assessment
  </mock-insightscommandbutton>
</DocumentFragment>
`;

exports[`TransferToAssessmentButton render: InsightsCommandButton props 1`] = `
{
  "children": "Move to assessment",
  "className": "___1qm3wig_0000000 f9hdeju",
  "data-automation-id": "transfer-to-assessment-button",
  "insightsCommandButtonIconProps": {
    "icon": <FolderArrowRightRegular />,
  },
  "onClick": [Function],
}
`;
